context/DataContext.tsx(1029,25): error TS2304: Cannot find name 'useRef'.
services/geminiService.ts(5,29): error TS2339: Property 'env' does not exist on type 'ImportMeta'.
